// Jest Snapshot v1, https://goo.gl/fbAQLP

exports[`matches snapshot 1`] = `
<DocumentFragment>
  <div
    class="Color"
  >
    <h2>
      This is !
    </h2>
    <p>
      <a
        href="/colors"
      >
        Go Back
      </a>
    </p>
  </div>
</DocumentFragment>
`;
